------------------------------------------------------------
TimeQuest Timing Analyzer Summary
------------------------------------------------------------

Type  : Slow 1200mV 85C Model Setup 'clk'
Slack : -2.677
TNS   : -32.653

Type  : Slow 1200mV 85C Model Setup 'clk_divider:clk_divider|clk_out'
Slack : -2.024
TNS   : -57.367

Type  : Slow 1200mV 85C Model Hold 'clk'
Slack : 0.074
TNS   : 0.000

Type  : Slow 1200mV 85C Model Hold 'clk_divider:clk_divider|clk_out'
Slack : 0.453
TNS   : 0.000

Type  : Slow 1200mV 85C Model Minimum Pulse Width 'clk'
Slack : -3.000
TNS   : -23.818

Type  : Slow 1200mV 85C Model Minimum Pulse Width 'clk_divider:clk_divider|clk_out'
Slack : -1.487
TNS   : -59.480

Type  : Slow 1200mV 0C Model Setup 'clk'
Slack : -2.475
TNS   : -29.727

Type  : Slow 1200mV 0C Model Setup 'clk_divider:clk_divider|clk_out'
Slack : -1.862
TNS   : -50.117

Type  : Slow 1200mV 0C Model Hold 'clk'
Slack : 0.159
TNS   : 0.000

Type  : Slow 1200mV 0C Model Hold 'clk_divider:clk_divider|clk_out'
Slack : 0.402
TNS   : 0.000

Type  : Slow 1200mV 0C Model Minimum Pulse Width 'clk'
Slack : -3.000
TNS   : -23.818

Type  : Slow 1200mV 0C Model Minimum Pulse Width 'clk_divider:clk_divider|clk_out'
Slack : -1.487
TNS   : -59.480

Type  : Fast 1200mV 0C Model Setup 'clk'
Slack : -0.597
TNS   : -6.609

Type  : Fast 1200mV 0C Model Setup 'clk_divider:clk_divider|clk_out'
Slack : -0.303
TNS   : -3.384

Type  : Fast 1200mV 0C Model Hold 'clk'
Slack : -0.102
TNS   : -0.102

Type  : Fast 1200mV 0C Model Hold 'clk_divider:clk_divider|clk_out'
Slack : 0.186
TNS   : 0.000

Type  : Fast 1200mV 0C Model Minimum Pulse Width 'clk'
Slack : -3.000
TNS   : -17.935

Type  : Fast 1200mV 0C Model Minimum Pulse Width 'clk_divider:clk_divider|clk_out'
Slack : -1.000
TNS   : -40.000

------------------------------------------------------------
